Nothing to build in platform 'zedbpi_hardware'

13:31:42 **** Incremental Build of configuration Debug for project pictmn ****
make all 
make --no-print-directory pre-build
a9-linaro-pre-build-step
' '
make --no-print-directory main-build
'Building file: ../src/pictmn.c'
'Invoking: ARM v7 gcc compiler'
arm-none-eabi-gcc -Wall -O0 -g3 -c -fmessage-length=0 -MT"src/pictmn.o" -mcpu=cortex-a9 -mfpu=vfpv3 -mfloat-abi=hard -IC:/mueller/SOCL3/pic16hardware/vitiswsp/zedbpi_hardware/export/zedbpi_hardware/sw/zedbpi_hardware/standalone_domain/bspinclude/include -MMD -MP -MF"src/pictmn.d" -MT"src/pictmn.o" -o "src/pictmn.o" "../src/pictmn.c"
'Finished building: ../src/pictmn.c'
' '
'Building target: pictmn.elf'
'Invoking: ARM v7 gcc linker'
arm-none-eabi-gcc -mcpu=cortex-a9 -mfpu=vfpv3 -mfloat-abi=hard -Wl,-build-id=none -specs=Xilinx.spec -Wl,-T -Wl,../src/lscript.ld -LC:/mueller/SOCL3/pic16hardware/vitiswsp/zedbpi_hardware/export/zedbpi_hardware/sw/zedbpi_hardware/standalone_domain/bsplib/lib -o "pictmn.elf"  ./src/pictmn.o ./src/platform.o   -Wl,--start-group,-lxil,-lgcc,-lc,--end-group
'Finished building target: pictmn.elf'
' '
'Invoking: ARM v7 Print Size'
arm-none-eabi-size pictmn.elf  |tee "pictmn.elf.size"
   text	   data	    bss	    dec	    hex	filename
  83810	   2550	  22640	 109000	  1a9c8	pictmn.elf
'Finished building: pictmn.elf.size'
' '
