Nothing to build in platform 'zedbd_zynq'

13:31:45 **** Incremental Build of configuration Debug for project pictrlver ****
make all 
make --no-print-directory pre-build
a9-linaro-pre-build-step
' '
make --no-print-directory main-build
'Building file: ../src/pictrlmn.c'
'Invoking: ARM v7 gcc compiler'
arm-none-eabi-gcc -Wall -O0 -g3 -c -fmessage-length=0 -MT"src/pictrlmn.o" -mcpu=cortex-a9 -mfpu=vfpv3 -mfloat-abi=hard -IC:/mueller/SOCL3/pictrlzync/vitiswsp/zedbd_zynq/export/zedbd_zynq/sw/zedbd_zynq/standalone_domain/bspinclude/include -MMD -MP -MF"src/pictrlmn.d" -MT"src/pictrlmn.o" -o "src/pictrlmn.o" "../src/pictrlmn.c"
'Finished building: ../src/pictrlmn.c'
' '
'Building target: pictrlver.elf'
'Invoking: ARM v7 gcc linker'
arm-none-eabi-gcc -mcpu=cortex-a9 -mfpu=vfpv3 -mfloat-abi=hard -Wl,-build-id=none -specs=Xilinx.spec -Wl,-T -Wl,../src/lscript.ld -LC:/mueller/SOCL3/pictrlzync/vitiswsp/zedbd_zynq/export/zedbd_zynq/sw/zedbd_zynq/standalone_domain/bsplib/lib -o "pictrlver.elf"  ./src/pictrlmn.o ./src/platform.o   -lm -Wl,--start-group,-lxil,-lgcc,-lc,--end-group
'Finished building target: pictrlver.elf'
' '
'Invoking: ARM v7 Print Size'
arm-none-eabi-size pictrlver.elf  |tee "pictrlver.elf.size"
   text	   data	    bss	    dec	    hex	filename
  51587	   2548	  22648	  76783	  12bef	pictrlver.elf
'Finished building: pictrlver.elf.size'
' '
